=== cell_monitor started 2026-07-05 01:33:16 ===
CELL START 01:33:16 | --paired --n 4 --offset 0.025 --dir gap 
CELL END   01:40:17 | --paired --n 4 --offset 0.025 --dir gap       | cpu=504.44s wall=421s hibernation_gap=-83s
CELL START 01:40:17 | --converge --strategy soft --n 4 --offset 0.015 --dir finger 
CELL END   01:43:37 | --converge --strategy soft --n 4 --offset 0.015 --dir finger  | cpu=196.6s wall=200s hibernation_gap=4s
CELL START 01:43:37 | --converge --strategy soft --n 4 --offset 0.035 --dir finger 
CELL END   01:45:57 | --converge --strategy soft --n 4 --offset 0.035 --dir finger  | cpu=136.81s wall=140s hibernation_gap=4s
CELL START 01:45:57 | --converge --strategy soft --n 6 --offset 0.025 --dir finger 
CELL END   01:49:58 | --converge --strategy soft --n 6 --offset 0.025 --dir finger  | cpu=223.07s wall=241s hibernation_gap=18s
CELL START 01:49:58 | --converge --strategy soft --n 8 --offset 0.025 --dir finger 
CELL END   01:55:38 | --converge --strategy soft --n 8 --offset 0.025 --dir finger  | cpu=331.54s wall=340s hibernation_gap=9s
CELL START 01:55:38 | --boundary --strategy fixed --n 4 --dir gap 
=== wrapper gone 2026-07-05 01:56:38 ===
=== cell_monitor stopped 2026-07-05 01:56:38 ===
=== cell_monitor(v2) started 2026-07-05 01:58:43 ===
CELL START 02:00:23 | --boundary --strategy fixed --n 4 --dir gap 
CELL END   02:04:03 | --boundary --strategy fixed --n 4 --dir gap   | cpu=217.83s wall=220s gap=3s
CELL START 02:04:03 | --boundary --strategy fixed --n 4 --dir finger 
CELL END   02:09:43 | --boundary --strategy fixed --n 4 --dir finger  | cpu=337.71s wall=340s gap=3s
CELL START 02:09:43 | --boundary --strategy soft --n 4 --dir gap 
CELL END   02:13:44 | --boundary --strategy soft --n 4 --dir gap    | cpu=230.44s wall=241s gap=11s
CELL START 02:13:44 | --boundary --strategy soft --n 4 --dir finger 
CELL END   02:20:24 | --boundary --strategy soft --n 4 --dir finger  | cpu=388.61s wall=400s gap=12s
CELL START 02:20:24 | --boundary --strategy yale --n 4 --dir finger 
CELL END   02:29:25 | --boundary --strategy yale --n 4 --dir finger  | cpu=250.9s wall=541s gap=291s
=== run idle, monitor stopped 2026-07-05 02:29:25 ===
