===== PAIRED delta soft-fixed (decides 're-centers MORE') =====
########## soft-vs-fixed n=4 off=0.025 dir=finger ##########
=== §2.3 PAIRED delta (soft-fixed) n=4 off=2.5cm dir=finger ===
             variation |   soft PI  fixed PI   DELTA
     substep 2 (1/480) |     +1.62     +1.10   +0.51
     substep 4 (1/960) |     +1.93     +0.34   +1.59
    substep 8 (1/1920) |     +0.70     +0.40   +0.31
         contact x0.33 |     +2.06     +0.90   +1.15
            contact x3 |     +2.15     -0.02   +2.17
      seed 1 (+jitter) |     +0.70     +0.03   +0.67
      seed 2 (+jitter) |     +1.92     +0.66   +1.27
      seed 3 (+jitter) |     +1.13     +0.69   +0.44
  paired delta across all variations: +0.31..+2.17 cm -> CONVERGENT POSITIVE -> 'soft re-centers MORE than fixed' EARNED
########## soft-vs-fixed n=4 off=0.035 dir=finger ##########
=== §2.3 PAIRED delta (soft-fixed) n=4 off=3.5cm dir=finger ===
             variation |   soft PI  fixed PI   DELTA
     substep 2 (1/480) |     +1.11     +0.20   +0.91
     substep 4 (1/960) |     +2.46     +0.32   +2.14
    substep 8 (1/1920) |     +3.48     +1.30   +2.18
         contact x0.33 |     +1.90     -0.20   +2.10
            contact x3 |     +2.09     +0.51   +1.58
      seed 1 (+jitter) |     +2.55     +0.31   +2.24
      seed 2 (+jitter) |     +2.51     +0.35   +2.17
      seed 3 (+jitter) |     +2.03     +0.31   +1.72
  paired delta across all variations: +0.91..+2.24 cm -> CONVERGENT POSITIVE -> 'soft re-centers MORE than fixed' EARNED
########## soft-vs-fixed n=6 off=0.025 dir=finger ##########
=== §2.3 PAIRED delta (soft-fixed) n=6 off=2.5cm dir=finger ===
             variation |   soft PI  fixed PI   DELTA
     substep 2 (1/480) |     -1.46     -0.01   -1.45
     substep 4 (1/960) |     +2.06     -0.11   +2.17
    substep 8 (1/1920) |     +0.53     +0.41   +0.12
         contact x0.33 |     +2.16     +0.42   +1.75
            contact x3 |     +2.08     +0.06   +2.02
      seed 1 (+jitter) |     +0.96     -0.06   +1.01
      seed 2 (+jitter) |     +1.84     -0.12   +1.95
      seed 3 (+jitter) |     +0.83     -0.08   +0.91
  paired delta across all variations: -1.45..+2.17 cm -> OVERLAPS 0 -> NOT convergently distinguishable; downgrade to 'sign positive, magnitude not separable from fixed'
########## soft-vs-fixed n=8 off=0.025 dir=finger ##########
=== §2.3 PAIRED delta (soft-fixed) n=8 off=2.5cm dir=finger ===
             variation |   soft PI  fixed PI   DELTA
     substep 2 (1/480) |     -1.90     +0.17   -2.06
     substep 4 (1/960) |     +2.06     -0.28   +2.34
    substep 8 (1/1920) |     +0.59     +0.11   +0.48
         contact x0.33 |     +2.17     -0.22   +2.39
            contact x3 |     +2.09     -0.11   +2.20
      seed 1 (+jitter) |     +0.31     -0.27   +0.58
      seed 2 (+jitter) |     +1.77     -0.06   +1.83
      seed 3 (+jitter) |     +0.67     -0.27   +0.94
  paired delta across all variations: -2.06..+2.39 cm -> OVERLAPS 0 -> NOT convergently distinguishable; downgrade to 'sign positive, magnitude not separable from fixed'
########## soft-vs-fixed n=4 off=0.025 dir=gap ##########
=== §2.3 PAIRED delta (soft-fixed) n=4 off=2.5cm dir=gap ===
             variation |   soft PI  fixed PI   DELTA
     substep 2 (1/480) |     -2.15     -1.84   -0.31
     substep 4 (1/960) |     +0.34     +0.08   +0.27
    substep 8 (1/1920) |     -0.23     -1.19   +0.95
         contact x0.33 |     +0.21     +0.21   +0.01
            contact x3 |     +0.74     -0.19   +0.93
      seed 1 (+jitter) |     +0.30     -0.44   +0.74
      seed 2 (+jitter) |     +0.54     -0.25   +0.79
      seed 3 (+jitter) |     +0.50     -0.16   +0.66
  paired delta across all variations: -0.31..+0.95 cm -> OVERLAPS 0 -> NOT convergently distinguishable; downgrade to 'sign positive, magnitude not separable from fixed'
PAIRED_DONE
===== SOFT pull-in SIGN convergence (offset + finger-count) =====
########## soft 4 0.015 finger ##########
=== §2.3 convergence: soft n=4 off=1.5cm dir=finger ===
             variation |   EM(g)  PI(cm)  RT(cm)  CF    SY  score
     substep 2 (1/480) |    0.16   -2.51    4.23   4  0.37   0.15
     substep 4 (1/960) |   10.00   +0.38    0.01   4  0.76   1.00
    substep 8 (1/1920) |    9.84   +0.05    0.00   4  0.84   1.00
         contact x0.33 |   10.00   +0.21    0.00   4  0.80   1.00
            contact x3 |    7.50   +0.43    0.03   4  0.57   1.00
      seed 1 (+jitter) |   10.00   +0.38    0.01   4  0.83   1.00
      seed 2 (+jitter) |    6.87   +0.46    0.47   4  0.71   1.00
      seed 3 (+jitter) |    9.84   +0.38    0.01   4  0.85   1.00

  substep 4 vs 8 escape-margin: 10.00g vs 9.84g (|d|=0.16g)
  seed spread (jitter) escape-margin: 6.87..10.00g (range 3.13g)
  CONVERGED: NO — knife-edge, do not trust
  pull-in across all variations: -2.51..+0.46 cm -> sign SIGN NOT stable
########## soft 4 0.035 finger ##########
=== §2.3 convergence: soft n=4 off=3.5cm dir=finger ===
             variation |   EM(g)  PI(cm)  RT(cm)  CF    SY  score
     substep 2 (1/480) |   10.00   +1.11    0.02   3  0.74   1.00
     substep 4 (1/960) |   10.00   +2.46    0.00   4  0.78   1.00
    substep 8 (1/1920) |    5.78   +3.48    0.62   4  1.00   1.00
         contact x0.33 |    8.12   +1.90    0.42   3  0.73   1.00
            contact x3 |    7.66   +2.09    0.09   3  0.81   1.00
      seed 1 (+jitter) |    7.34   +2.55    0.30   4  0.77   1.00
      seed 2 (+jitter) |   10.00   +2.51    0.00   4  0.81   1.00
      seed 3 (+jitter) |    5.94   +2.03    0.33   4  0.96   1.00

  substep 4 vs 8 escape-margin: 10.00g vs 5.78g (|d|=4.22g)
  seed spread (jitter) escape-margin: 5.94..10.00g (range 4.06g)
  CONVERGED: NO — knife-edge, do not trust
  pull-in across all variations: +1.11..+3.48 cm -> sign robustly POSITIVE (re-centers)
########## soft 6 0.025 finger ##########
=== §2.3 convergence: soft n=6 off=2.5cm dir=finger ===
             variation |   EM(g)  PI(cm)  RT(cm)  CF    SY  score
     substep 2 (1/480) |    0.94   -1.46    4.23   4  0.43   0.50
     substep 4 (1/960) |   10.00   +2.06    0.00   6  0.82   1.00
    substep 8 (1/1920) |   10.00   +0.53    0.11   6  0.73   1.00
         contact x0.33 |   10.00   +2.16    0.01   6  0.82   1.00
            contact x3 |   10.00   +2.08    0.01   6  0.85   1.00
      seed 1 (+jitter) |    5.31   +0.96    1.22   5  0.58   1.00
      seed 2 (+jitter) |   10.00   +1.84    0.00   6  0.68   1.00
      seed 3 (+jitter) |    9.84   +0.83    0.01   6  0.67   1.00

  substep 4 vs 8 escape-margin: 10.00g vs 10.00g (|d|=0.00g)
  seed spread (jitter) escape-margin: 5.31..10.00g (range 4.69g)
  CONVERGED: NO — knife-edge, do not trust
  pull-in across all variations: -1.46..+2.16 cm -> sign SIGN NOT stable
########## soft 8 0.025 finger ##########
=== §2.3 convergence: soft n=8 off=2.5cm dir=finger ===
             variation |   EM(g)  PI(cm)  RT(cm)  CF    SY  score
     substep 2 (1/480) |    0.16   -1.90    4.25   3  0.57   0.54
     substep 4 (1/960) |   10.00   +2.06    0.00   8  0.93   1.00
    substep 8 (1/1920) |   10.00   +0.59    0.00   8  0.82   1.00
         contact x0.33 |   10.00   +2.17    0.01   8  0.92   1.00
            contact x3 |   10.00   +2.09    0.01   8  0.86   1.00
      seed 1 (+jitter) |   10.00   +0.31    0.17   7  0.65   1.00
      seed 2 (+jitter) |   10.00   +1.77    0.00   8  0.80   1.00
      seed 3 (+jitter) |   10.00   +0.67    0.06   7  0.62   1.00

  substep 4 vs 8 escape-margin: 10.00g vs 10.00g (|d|=0.00g)
  seed spread (jitter) escape-margin: 10.00..10.00g (range 0.00g)
  CONVERGED: YES
  pull-in across all variations: -1.90..+2.17 cm -> sign SIGN NOT stable
SOFTCONV_DONE
===== BOUNDARY scans =====
########## fixed 4 gap ##########
